******************************************************************************
             TMS320C2000 Linker PC v18.12.1                    
******************************************************************************
>> Linked Sun May  5 16:34:46 2019

OUTPUT FILE NAME:   <W01_TI_DAC8563_DRIVER_F2833X_CCSV9_0.out>
ENTRY POINT SYMBOL: "_c_int00"  address: 0000f124


MEMORY CONFIGURATION

         name            origin    length      used     unused   attr    fill
----------------------  --------  ---------  --------  --------  ----  --------
PAGE 0:
  BEGIN                 00000000   00000002  00000002  00000000  RWIX
  RAMM0                 00000050   000003b0  00000000  000003b0  RWIX
  RAML0                 00008000   00001000  00000022  00000fde  RWIX
  RAML1                 00009000   00001000  00000000  00001000  RWIX
  RAML2                 0000a000   00001000  00000000  00001000  RWIX
  RAML3                 0000b000   00001000  00000000  00001000  RWIX
  ZONE7A                00200000   00020000  00000700  0001f900  RWIX
  ZONE7B                00220000   00020000  00000000  00020000  RWIX
  CSM_RSVD              0033ff80   00000076  00000000  00000076  RWIX
  CSM_PWL               0033fff8   00000008  00000000  00000008  RWIX
  ADC_CAL               00380080   00000009  00000007  00000002  RWIX
  IQTABLES              003fe000   00000b50  00000000  00000b50  RWIX
  IQTABLES2             003feb50   0000008c  00000000  0000008c  RWIX
  FPUTABLES             003febdc   000006a0  00000000  000006a0  RWIX
  BOOTROM               003ff27c   00000d44  00000000  00000d44  RWIX
  RESET                 003fffc0   00000002  00000000  00000002  RWIX

PAGE 1:
  BOOT_RSVD             00000002   0000004e  00000000  0000004e  RWIX
  RAMM1                 00000400   00000400  00000000  00000400  RWIX
  DEV_EMU               00000880   00000180  000000d0  000000b0  RWIX
  FLASH_REGS            00000a80   00000060  00000008  00000058  RWIX
  CSM                   00000ae0   00000010  00000010  00000000  RWIX
  ADC_MIRROR            00000b00   00000010  00000010  00000000  RWIX
  XINTF                 00000b20   00000020  0000001e  00000002  RWIX
  CPU_TIMER0            00000c00   00000008  00000008  00000000  RWIX
  CPU_TIMER1            00000c08   00000008  00000008  00000000  RWIX
  CPU_TIMER2            00000c10   00000008  00000008  00000000  RWIX
  PIE_CTRL              00000ce0   00000020  0000001a  00000006  RWIX
  PIE_VECT              00000d00   00000100  00000100  00000000  RWIX
  DMA                   00001000   00000200  000000e0  00000120  RWIX
  MCBSPA                00005000   00000040  00000025  0000001b  RWIX
  MCBSPB                00005040   00000040  00000025  0000001b  RWIX
  ECANA                 00006000   00000040  00000034  0000000c  RWIX
  ECANA_LAM             00006040   00000040  00000040  00000000  RWIX
  ECANA_MOTS            00006080   00000040  00000040  00000000  RWIX
  ECANA_MOTO            000060c0   00000040  00000040  00000000  RWIX
  ECANA_MBOX            00006100   00000100  00000100  00000000  RWIX
  ECANB                 00006200   00000040  00000034  0000000c  RWIX
  ECANB_LAM             00006240   00000040  00000040  00000000  RWIX
  ECANB_MOTS            00006280   00000040  00000040  00000000  RWIX
  ECANB_MOTO            000062c0   00000040  00000040  00000000  RWIX
  ECANB_MBOX            00006300   00000100  00000100  00000000  RWIX
  EPWM1                 00006800   00000022  00000022  00000000  RWIX
  EPWM2                 00006840   00000022  00000022  00000000  RWIX
  EPWM3                 00006880   00000022  00000022  00000000  RWIX
  EPWM4                 000068c0   00000022  00000022  00000000  RWIX
  EPWM5                 00006900   00000022  00000022  00000000  RWIX
  EPWM6                 00006940   00000022  00000022  00000000  RWIX
  ECAP1                 00006a00   00000020  00000020  00000000  RWIX
  ECAP2                 00006a20   00000020  00000020  00000000  RWIX
  ECAP3                 00006a40   00000020  00000020  00000000  RWIX
  ECAP4                 00006a60   00000020  00000020  00000000  RWIX
  ECAP5                 00006a80   00000020  00000020  00000000  RWIX
  ECAP6                 00006aa0   00000020  00000020  00000000  RWIX
  EQEP1                 00006b00   00000040  00000040  00000000  RWIX
  EQEP2                 00006b40   00000040  00000040  00000000  RWIX
  GPIOCTRL              00006f80   00000040  0000002e  00000012  RWIX
  GPIODAT               00006fc0   00000020  00000020  00000000  RWIX
  GPIOINT               00006fe0   00000020  0000000a  00000016  RWIX
  SYSTEM                00007010   00000020  00000020  00000000  RWIX
  SPIA                  00007040   00000010  00000010  00000000  RWIX
  SCIA                  00007050   00000010  00000010  00000000  RWIX
  XINTRUPT              00007070   00000010  00000010  00000000  RWIX
  ADC                   00007100   00000020  0000001e  00000002  RWIX
  SCIB                  00007750   00000010  00000010  00000000  RWIX
  SCIC                  00007770   00000010  00000010  00000000  RWIX
  I2CA                  00007900   00000040  00000022  0000001e  RWIX
  RAML4                 0000c000   00001000  00000028  00000fd8  RWIX
  RAML5                 0000d000   00003000  000024cf  00000b31  RWIX
  ZONE7B                0020fc00   00000400  00000000  00000400  RWIX
  CSM_PWL               0033fff8   00000008  00000008  00000000  RWIX
  PARTID                00380090   00000001  00000001  00000000  RWIX

PAGE 2:
  USER_RAMH0            003f8000   00008000  00000000  00008000  RWIX


SECTION ALLOCATION MAP

 output                                  attributes/
section   page    origin      length       input sections
--------  ----  ----------  ----------   ----------------
codestart 
*          0    00000000    00000002     
                  00000000    00000002     DSP2833x_CodeStartBranch.obj (codestart)

ramfuncs   0    0000801e    00000004     
                  0000801e    00000004     DSP2833x_usDelay.obj (ramfuncs)

.text      1    0000d000    00002377     
                  0000d000    0000174e     spi.obj (.text)
                  0000e74e    00000316     DSP2833x_DefaultIsr.obj (.text:retain)
                  0000ea64    00000266     rts2800_fpu32.lib : memory.c.obj (.text)
                  0000ecca    000000f8     DSP2833x_SysCtrl.obj (.text)
                  0000edc2    000000ae     sci.obj (.text)
                  0000ee70    000000ad     dac8563.obj (.text)
                  0000ef1d    0000009c     rts2800_fpu32.lib : fd_add28.asm.obj (.text)
                  0000efb9    0000008b                       : fd_div28.asm.obj (.text)
                  0000f044    00000083                       : fd_mpy28.asm.obj (.text)
                  0000f0c7    0000005d     sci.obj (.text:retain)
                  0000f124    00000056     rts2800_fpu32.lib : boot28.asm.obj (.text)
                  0000f17a    0000004e     DSP2833x_Sci.obj (.text)
                  0000f1c8    00000046     main.obj (.text)
                  0000f20e    00000029     rts2800_fpu32.lib : exit.c.obj (.text)
                  0000f237    00000028     DSP2833x_PieCtrl.obj (.text)
                  0000f25f    00000024     rts2800_fpu32.lib : cpy_tbl.c.obj (.text)
                  0000f283    00000020     DSP2833x_PieVect.obj (.text)
                  0000f2a3    0000001e     rts2800_fpu32.lib : strncpy.c.obj (.text)
                  0000f2c1    0000001d                       : memcpy.c.obj (.text)
                  0000f2de    0000001b                       : fd_toul28.asm.obj (.text)
                  0000f2f9    00000019                       : args_main.c.obj (.text)
                  0000f312    00000017     DSP2833x_Gpio.obj (.text)
                  0000f329    00000016     rts2800_fpu32.lib : ul_tofd28.asm.obj (.text)
                  0000f33f    0000000e                       : fd_sub28.asm.obj (.text)
                  0000f34d    0000000c                       : memset.c.obj (.text)
                  0000f359    00000009                       : _lock.c.obj (.text)
                  0000f362    00000008     DSP2833x_CodeStartBranch.obj (.text)
                  0000f36a    00000007     DSP2833x_DisInt.obj (.text)
                  0000f371    00000003     DSP2833x_DBGIER.obj (.text)
                  0000f374    00000002     rts2800_fpu32.lib : pre_init.c.obj (.text)
                  0000f376    00000001                       : startup.c.obj (.text)

.cinit     0    00008000    0000001e     
                  00008000    0000000e     rts2800_fpu32.lib : exit.c.obj (.cinit)
                  0000800e    00000005                       : _lock.c.obj (.cinit:__lock)
                  00008013    00000005                       : _lock.c.obj (.cinit:__unlock)
                  00008018    00000004                       : memory.c.obj (.cinit)
                  0000801c    00000002     --HOLE-- [fill = 0]

.pinit     0    00008000    00000000     UNINITIALIZED

.esysmem   0    00200000    00000400     UNINITIALIZED
                  00200000    00000004     rts2800_fpu32.lib : memory.c.obj (.esysmem)
                  00200004    000003fc     --HOLE--

.stack     0    00200400    00000300     UNINITIALIZED
                  00200400    00000300     --HOLE--

.ebss      1    0000c000    00000028     UNINITIALIZED
                  0000c000    00000018     DSP2833x_CpuTimers.obj (.ebss)
                  0000c018    00000006     rts2800_fpu32.lib : exit.c.obj (.ebss)
                  0000c01e    00000004                       : memory.c.obj (.ebss)
                  0000c022    00000002                       : _lock.c.obj (.ebss:__lock)
                  0000c024    00000002                       : _lock.c.obj (.ebss:__unlock)
                  0000c026    00000002     main.obj (.ebss)

.econst    1    0000f378    00000158     
                  0000f378    00000100     DSP2833x_PieVect.obj (.econst:_PieVectTableInit)
                  0000f478    0000003b     main.obj (.econst:.string)
                  0000f4b3    00000001     --HOLE-- [fill = 0]
                  0000f4b4    00000010     spi.obj (.econst)
                  0000f4c4    0000000c     dac8563.obj (.econst:.string)

.reset     0    003fffc0    00000002     DSECT
                  003fffc0    00000002     rts2800_fpu32.lib : boot28.asm.obj (.reset)

csm_rsvd   0    0033ff80    00000076     DSECT
                  0033ff80    00000076     DSP2833x_CSMPasswords.obj (csm_rsvd)

csmpasswds 
*          0    0033fff8    00000008     DSECT
                  0033fff8    00000008     DSP2833x_CSMPasswords.obj (csmpasswds)

.adc_cal   0    00380080    00000007     NOLOAD SECTION
                  00380080    00000007     DSP2833x_ADC_cal.obj (.adc_cal)

DevEmuRegsFile 
*          1    00000880    000000d0     UNINITIALIZED
                  00000880    000000d0     DSP2833x_GlobalVariableDefs.obj (DevEmuRegsFile)

FlashRegsFile 
*          1    00000a80    00000008     UNINITIALIZED
                  00000a80    00000008     DSP2833x_GlobalVariableDefs.obj (FlashRegsFile)

CsmRegsFile 
*          1    00000ae0    00000010     UNINITIALIZED
                  00000ae0    00000010     DSP2833x_GlobalVariableDefs.obj (CsmRegsFile)

AdcMirrorFile 
*          1    00000b00    00000010     UNINITIALIZED
                  00000b00    00000010     DSP2833x_GlobalVariableDefs.obj (AdcMirrorFile)

XintfRegsFile 
*          1    00000b20    0000001e     UNINITIALIZED
                  00000b20    0000001e     DSP2833x_GlobalVariableDefs.obj (XintfRegsFile)

CpuTimer0RegsFile 
*          1    00000c00    00000008     UNINITIALIZED
                  00000c00    00000008     DSP2833x_GlobalVariableDefs.obj (CpuTimer0RegsFile)

CpuTimer1RegsFile 
*          1    00000c08    00000008     UNINITIALIZED
                  00000c08    00000008     DSP2833x_GlobalVariableDefs.obj (CpuTimer1RegsFile)

CpuTimer2RegsFile 
*          1    00000c10    00000008     UNINITIALIZED
                  00000c10    00000008     DSP2833x_GlobalVariableDefs.obj (CpuTimer2RegsFile)

PieCtrlRegsFile 
*          1    00000ce0    0000001a     UNINITIALIZED
                  00000ce0    0000001a     DSP2833x_GlobalVariableDefs.obj (PieCtrlRegsFile)

PieVectTableFile 
*          1    00000d00    00000100     UNINITIALIZED
                  00000d00    00000100     DSP2833x_GlobalVariableDefs.obj (PieVectTableFile)

DmaRegsFile 
*          1    00001000    000000e0     UNINITIALIZED
                  00001000    000000e0     DSP2833x_GlobalVariableDefs.obj (DmaRegsFile)

McbspaRegsFile 
*          1    00005000    00000025     UNINITIALIZED
                  00005000    00000025     DSP2833x_GlobalVariableDefs.obj (McbspaRegsFile)

McbspbRegsFile 
*          1    00005040    00000025     UNINITIALIZED
                  00005040    00000025     DSP2833x_GlobalVariableDefs.obj (McbspbRegsFile)

ECanaRegsFile 
*          1    00006000    00000034     UNINITIALIZED
                  00006000    00000034     DSP2833x_GlobalVariableDefs.obj (ECanaRegsFile)

ECanaLAMRegsFile 
*          1    00006040    00000040     UNINITIALIZED
                  00006040    00000040     DSP2833x_GlobalVariableDefs.obj (ECanaLAMRegsFile)

ECanaMOTSRegsFile 
*          1    00006080    00000040     UNINITIALIZED
                  00006080    00000040     DSP2833x_GlobalVariableDefs.obj (ECanaMOTSRegsFile)

ECanaMOTORegsFile 
*          1    000060c0    00000040     UNINITIALIZED
                  000060c0    00000040     DSP2833x_GlobalVariableDefs.obj (ECanaMOTORegsFile)

ECanaMboxesFile 
*          1    00006100    00000100     UNINITIALIZED
                  00006100    00000100     DSP2833x_GlobalVariableDefs.obj (ECanaMboxesFile)

ECanbRegsFile 
*          1    00006200    00000034     UNINITIALIZED
                  00006200    00000034     DSP2833x_GlobalVariableDefs.obj (ECanbRegsFile)

ECanbLAMRegsFile 
*          1    00006240    00000040     UNINITIALIZED
                  00006240    00000040     DSP2833x_GlobalVariableDefs.obj (ECanbLAMRegsFile)

ECanbMOTSRegsFile 
*          1    00006280    00000040     UNINITIALIZED
                  00006280    00000040     DSP2833x_GlobalVariableDefs.obj (ECanbMOTSRegsFile)

ECanbMOTORegsFile 
*          1    000062c0    00000040     UNINITIALIZED
                  000062c0    00000040     DSP2833x_GlobalVariableDefs.obj (ECanbMOTORegsFile)

ECanbMboxesFile 
*          1    00006300    00000100     UNINITIALIZED
                  00006300    00000100     DSP2833x_GlobalVariableDefs.obj (ECanbMboxesFile)

EPwm1RegsFile 
*          1    00006800    00000022     UNINITIALIZED
                  00006800    00000022     DSP2833x_GlobalVariableDefs.obj (EPwm1RegsFile)

EPwm2RegsFile 
*          1    00006840    00000022     UNINITIALIZED
                  00006840    00000022     DSP2833x_GlobalVariableDefs.obj (EPwm2RegsFile)

EPwm3RegsFile 
*          1    00006880    00000022     UNINITIALIZED
                  00006880    00000022     DSP2833x_GlobalVariableDefs.obj (EPwm3RegsFile)

EPwm4RegsFile 
*          1    000068c0    00000022     UNINITIALIZED
                  000068c0    00000022     DSP2833x_GlobalVariableDefs.obj (EPwm4RegsFile)

EPwm5RegsFile 
*          1    00006900    00000022     UNINITIALIZED
                  00006900    00000022     DSP2833x_GlobalVariableDefs.obj (EPwm5RegsFile)

EPwm6RegsFile 
*          1    00006940    00000022     UNINITIALIZED
                  00006940    00000022     DSP2833x_GlobalVariableDefs.obj (EPwm6RegsFile)

ECap1RegsFile 
*          1    00006a00    00000020     UNINITIALIZED
                  00006a00    00000020     DSP2833x_GlobalVariableDefs.obj (ECap1RegsFile)

ECap2RegsFile 
*          1    00006a20    00000020     UNINITIALIZED
                  00006a20    00000020     DSP2833x_GlobalVariableDefs.obj (ECap2RegsFile)

ECap3RegsFile 
*          1    00006a40    00000020     UNINITIALIZED
                  00006a40    00000020     DSP2833x_GlobalVariableDefs.obj (ECap3RegsFile)

ECap4RegsFile 
*          1    00006a60    00000020     UNINITIALIZED
                  00006a60    00000020     DSP2833x_GlobalVariableDefs.obj (ECap4RegsFile)

ECap5RegsFile 
*          1    00006a80    00000020     UNINITIALIZED
                  00006a80    00000020     DSP2833x_GlobalVariableDefs.obj (ECap5RegsFile)

ECap6RegsFile 
*          1    00006aa0    00000020     UNINITIALIZED
                  00006aa0    00000020     DSP2833x_GlobalVariableDefs.obj (ECap6RegsFile)

EQep1RegsFile 
*          1    00006b00    00000040     UNINITIALIZED
                  00006b00    00000040     DSP2833x_GlobalVariableDefs.obj (EQep1RegsFile)

EQep2RegsFile 
*          1    00006b40    00000040     UNINITIALIZED
                  00006b40    00000040     DSP2833x_GlobalVariableDefs.obj (EQep2RegsFile)

GpioCtrlRegsFile 
*          1    00006f80    0000002e     UNINITIALIZED
                  00006f80    0000002e     DSP2833x_GlobalVariableDefs.obj (GpioCtrlRegsFile)

GpioDataRegsFile 
*          1    00006fc0    00000020     UNINITIALIZED
                  00006fc0    00000020     DSP2833x_GlobalVariableDefs.obj (GpioDataRegsFile)

GpioIntRegsFile 
*          1    00006fe0    0000000a     UNINITIALIZED
                  00006fe0    0000000a     DSP2833x_GlobalVariableDefs.obj (GpioIntRegsFile)

SysCtrlRegsFile 
*          1    00007010    00000020     UNINITIALIZED
                  00007010    00000020     DSP2833x_GlobalVariableDefs.obj (SysCtrlRegsFile)

SpiaRegsFile 
*          1    00007040    00000010     UNINITIALIZED
                  00007040    00000010     DSP2833x_GlobalVariableDefs.obj (SpiaRegsFile)

SciaRegsFile 
*          1    00007050    00000010     UNINITIALIZED
                  00007050    00000010     DSP2833x_GlobalVariableDefs.obj (SciaRegsFile)

XIntruptRegsFile 
*          1    00007070    00000010     UNINITIALIZED
                  00007070    00000010     DSP2833x_GlobalVariableDefs.obj (XIntruptRegsFile)

AdcRegsFile 
*          1    00007100    0000001e     UNINITIALIZED
                  00007100    0000001e     DSP2833x_GlobalVariableDefs.obj (AdcRegsFile)

ScibRegsFile 
*          1    00007750    00000010     UNINITIALIZED
                  00007750    00000010     DSP2833x_GlobalVariableDefs.obj (ScibRegsFile)

ScicRegsFile 
*          1    00007770    00000010     UNINITIALIZED
                  00007770    00000010     DSP2833x_GlobalVariableDefs.obj (ScicRegsFile)

I2caRegsFile 
*          1    00007900    00000022     UNINITIALIZED
                  00007900    00000022     DSP2833x_GlobalVariableDefs.obj (I2caRegsFile)

CsmPwlFile 
*          1    0033fff8    00000008     UNINITIALIZED
                  0033fff8    00000008     DSP2833x_GlobalVariableDefs.obj (CsmPwlFile)

PartIdRegsFile 
*          1    00380090    00000001     UNINITIALIZED
                  00380090    00000001     DSP2833x_GlobalVariableDefs.obj (PartIdRegsFile)

MODULE SUMMARY

       Module                            code   initialized data   uninitialized data
       ------                            ----   ----------------   ------------------
    .\DSP2833x_common\source\
       DSP2833x_DefaultIsr.obj           790    0                  0                 
       DSP2833x_PieVect.obj              32     256                0                 
       DSP2833x_SysCtrl.obj              248    0                  0                 
       DSP2833x_Sci.obj                  78     0                  0                 
       DSP2833x_PieCtrl.obj              40     0                  0                 
       DSP2833x_CpuTimers.obj            0      0                  24                
       DSP2833x_Gpio.obj                 23     0                  0                 
       DSP2833x_CodeStartBranch.obj      10     0                  0                 
       DSP2833x_ADC_cal.obj              7      0                  0                 
       DSP2833x_DisInt.obj               7      0                  0                 
       DSP2833x_usDelay.obj              4      0                  0                 
       DSP2833x_DBGIER.obj               3      0                  0                 
    +--+---------------------------------+------+------------------+--------------------+
       Total:                            1242   256                24                
                                                                                     
    .\DSP2833x_headers\source\
       DSP2833x_GlobalVariableDefs.obj   0      0                  2679              
    +--+---------------------------------+------+------------------+--------------------+
       Total:                            0      0                  2679              
                                                                                     
    .\src\
       spi.obj                           5966   16                 0                 
       sci.obj                           267    0                  0                 
       dac8563.obj                       173    12                 0                 
       main.obj                          70     59                 2                 
    +--+---------------------------------+------+------------------+--------------------+
       Total:                            6476   87                 2                 
                                                                                     
    C:\opt\ti\ccs9\ccs\tools\compiler\ti-cgt-c2000_18.12.1.LTS\lib\rts2800_fpu32.lib
       memory.c.obj                      614    4                  4                 
       fd_add28.asm.obj                  156    0                  0                 
       fd_div28.asm.obj                  139    0                  0                 
       fd_mpy28.asm.obj                  131    0                  0                 
       boot28.asm.obj                    86     0                  0                 
       exit.c.obj                        41     14                 6                 
       cpy_tbl.c.obj                     36     0                  0                 
       strncpy.c.obj                     30     0                  0                 
       memcpy.c.obj                      29     0                  0                 
       fd_toul28.asm.obj                 27     0                  0                 
       args_main.c.obj                   25     0                  0                 
       _lock.c.obj                       9      10                 4                 
       ul_tofd28.asm.obj                 22     0                  0                 
       fd_sub28.asm.obj                  14     0                  0                 
       memset.c.obj                      12     0                  0                 
       pre_init.c.obj                    2      0                  0                 
       startup.c.obj                     1      0                  0                 
    +--+---------------------------------+------+------------------+--------------------+
       Total:                            1374   28                 14                
                                                                                     
       Heap:                             0      0                  1024              
       Stack:                            0      0                  768               
    +--+---------------------------------+------+------------------+--------------------+
       Grand Total:                      9092   371                4511              


GLOBAL DATA SYMBOLS: SORTED BY DATA PAGE

address     data page           name
--------    ----------------    ----
00000880      22 (00000880)     _DevEmuRegs

00000a80      2a (00000a80)     _FlashRegs

00000ae0      2b (00000ac0)     _CsmRegs

00000b00      2c (00000b00)     _AdcMirror
00000b20      2c (00000b00)     _XintfRegs

00000c00      30 (00000c00)     _CpuTimer0Regs
00000c08      30 (00000c00)     _CpuTimer1Regs
00000c10      30 (00000c00)     _CpuTimer2Regs

00000ce0      33 (00000cc0)     _PieCtrlRegs

00000d00      34 (00000d00)     _PieVectTable

00001000      40 (00001000)     _DmaRegs

00005000     140 (00005000)     _McbspaRegs

00005040     141 (00005040)     _McbspbRegs

00006000     180 (00006000)     _ECanaRegs

00006040     181 (00006040)     _ECanaLAMRegs

00006080     182 (00006080)     _ECanaMOTSRegs

000060c0     183 (000060c0)     _ECanaMOTORegs

00006100     184 (00006100)     _ECanaMboxes

00006200     188 (00006200)     _ECanbRegs

00006240     189 (00006240)     _ECanbLAMRegs

00006280     18a (00006280)     _ECanbMOTSRegs

000062c0     18b (000062c0)     _ECanbMOTORegs

00006300     18c (00006300)     _ECanbMboxes

00006800     1a0 (00006800)     _EPwm1Regs

00006840     1a1 (00006840)     _EPwm2Regs

00006880     1a2 (00006880)     _EPwm3Regs

000068c0     1a3 (000068c0)     _EPwm4Regs

00006900     1a4 (00006900)     _EPwm5Regs

00006940     1a5 (00006940)     _EPwm6Regs

00006a00     1a8 (00006a00)     _ECap1Regs
00006a20     1a8 (00006a00)     _ECap2Regs

00006a40     1a9 (00006a40)     _ECap3Regs
00006a60     1a9 (00006a40)     _ECap4Regs

00006a80     1aa (00006a80)     _ECap5Regs
00006aa0     1aa (00006a80)     _ECap6Regs

00006b00     1ac (00006b00)     _EQep1Regs

00006b40     1ad (00006b40)     _EQep2Regs

00006f80     1be (00006f80)     _GpioCtrlRegs

00006fc0     1bf (00006fc0)     _GpioDataRegs
00006fe0     1bf (00006fc0)     _GpioIntRegs

00007010     1c0 (00007000)     _SysCtrlRegs

00007040     1c1 (00007040)     _SpiaRegs
00007050     1c1 (00007040)     _SciaRegs
00007070     1c1 (00007040)     _XIntruptRegs

00007100     1c4 (00007100)     _AdcRegs

00007750     1dd (00007740)     _ScibRegs
00007770     1dd (00007740)     _ScicRegs

00007900     1e4 (00007900)     _I2caRegs

0000c000     300 (0000c000)     _CpuTimer0
0000c008     300 (0000c000)     _CpuTimer1
0000c010     300 (0000c000)     _CpuTimer2
0000c018     300 (0000c000)     ___TI_enable_exit_profile_output
0000c01a     300 (0000c000)     ___TI_cleanup_ptr
0000c01c     300 (0000c000)     ___TI_dtors_ptr
0000c022     300 (0000c000)     __lock
0000c024     300 (0000c000)     __unlock
0000c026     300 (0000c000)     _dac8563

0000f378     3cd (0000f340)     _PieVectTableInit

00200000    8000 (00200000)     __sys_memory

00200400    8010 (00200400)     __stack

0033fff8    cfff (0033ffc0)     _CsmPwl

00380090    e002 (00380080)     _PartIdRegs


GLOBAL SYMBOLS: SORTED ALPHABETICALLY BY Name 

page  address   name                            
----  -------   ----                            
1     0000d000  .text                           
1     0000f20e  C$$EXIT                         
1     0000ef1d  FD$$ADD                         
1     0000efb9  FD$$DIV                         
1     0000f044  FD$$MPY                         
1     0000f33f  FD$$SUB                         
1     0000f2de  FD$$TOUL                        
1     0000f329  UL$$TOFD                        
1     0000e834  _ADCINT_ISR                     
0     00380080  _ADC_cal                        
1     00000b00  _AdcMirror                      
1     00007100  _AdcRegs                        
1     0000c000  _CpuTimer0                      
1     00000c00  _CpuTimer0Regs                  
1     0000c008  _CpuTimer1                      
1     00000c08  _CpuTimer1Regs                  
1     0000c010  _CpuTimer2                      
1     00000c10  _CpuTimer2Regs                  
1     0033fff8  _CsmPwl                         
1     00000ae0  _CsmRegs                        
1     0000ed91  _CsmUnlock                      
1     0000e762  _DATALOG_ISR                    
1     0000e956  _DINTCH1_ISR                    
1     0000e960  _DINTCH2_ISR                    
1     0000e96a  _DINTCH3_ISR                    
1     0000e974  _DINTCH4_ISR                    
1     0000e97e  _DINTCH5_ISR                    
1     0000e988  _DINTCH6_ISR                    
1     0000f36a  _DSP28x_DisableInt              
1     0000f36e  _DSP28x_RestoreInt              
0     0000801e  _DSP28x_usDelay                 
1     00000880  _DevEmuRegs                     
1     0000ecdd  _DisableDog                     
1     00001000  _DmaRegs                        
1     0000e9e2  _ECAN0INTA_ISR                  
1     0000e9f6  _ECAN0INTB_ISR                  
1     0000e9ec  _ECAN1INTA_ISR                  
1     0000ea00  _ECAN1INTB_ISR                  
1     0000e8ca  _ECAP1_INT_ISR                  
1     0000e8d4  _ECAP2_INT_ISR                  
1     0000e8de  _ECAP3_INT_ISR                  
1     0000e8e8  _ECAP4_INT_ISR                  
1     0000e8f2  _ECAP5_INT_ISR                  
1     0000e8fc  _ECAP6_INT_ISR                  
1     00006040  _ECanaLAMRegs                   
1     000060c0  _ECanaMOTORegs                  
1     00006080  _ECanaMOTSRegs                  
1     00006100  _ECanaMboxes                    
1     00006000  _ECanaRegs                      
1     00006240  _ECanbLAMRegs                   
1     000062c0  _ECanbMOTORegs                  
1     00006280  _ECanbMOTSRegs                  
1     00006300  _ECanbMboxes                    
1     00006200  _ECanbRegs                      
1     00006a00  _ECap1Regs                      
1     00006a20  _ECap2Regs                      
1     00006a40  _ECap3Regs                      
1     00006a60  _ECap4Regs                      
1     00006a80  _ECap5Regs                      
1     00006aa0  _ECap6Regs                      
1     0000e776  _EMUINT_ISR                     
1     0000e88e  _EPWM1_INT_ISR                  
1     0000e852  _EPWM1_TZINT_ISR                
1     0000e898  _EPWM2_INT_ISR                  
1     0000e85c  _EPWM2_TZINT_ISR                
1     0000e8a2  _EPWM3_INT_ISR                  
1     0000e866  _EPWM3_TZINT_ISR                
1     0000e8ac  _EPWM4_INT_ISR                  
1     0000e870  _EPWM4_TZINT_ISR                
1     0000e8b6  _EPWM5_INT_ISR                  
1     0000e87a  _EPWM5_TZINT_ISR                
1     0000e8c0  _EPWM6_INT_ISR                  
1     0000e884  _EPWM6_TZINT_ISR                
1     00006800  _EPwm1Regs                      
1     00006840  _EPwm2Regs                      
1     00006880  _EPwm3Regs                      
1     000068c0  _EPwm4Regs                      
1     00006900  _EPwm5Regs                      
1     00006940  _EPwm6Regs                      
1     0000e906  _EQEP1_INT_ISR                  
1     0000e910  _EQEP2_INT_ISR                  
1     00006b00  _EQep1Regs                      
1     00006b40  _EQep2Regs                      
1     0000f256  _EnableInterrupts               
1     00000a80  _FlashRegs                      
1     00006f80  _GpioCtrlRegs                   
1     00006fc0  _GpioDataRegs                   
1     00006fe0  _GpioIntRegs                    
1     0000e992  _I2CINT1A_ISR                   
1     0000e99c  _I2CINT2A_ISR                   
1     00007900  _I2caRegs                       
1     0000e78a  _ILLEGAL_ISR                    
1     0000e74e  _INT13_ISR                      
1     0000e758  _INT14_ISR                      
1     0000f312  _InitGpio                       
1     0000ed36  _InitPeripheralClocks           
1     0000f237  _InitPieCtrl                    
1     0000f283  _InitPieVectTable               
1     0000ece5  _InitPll                        
1     0000f17a  _InitSci                        
1     0000f17d  _InitSciGpio                    
1     0000f184  _InitSciaGpio                   
1     0000f19c  _InitScibGpio                   
1     0000f1b2  _InitScicGpio                   
1     0000ecca  _InitSysCtrl                    
1     0000ea46  _LUF_ISR                        
1     0000ea3c  _LVF_ISR                        
1     0000e942  _MRINTA_ISR                     
1     0000e92e  _MRINTB_ISR                     
1     0000e94c  _MXINTA_ISR                     
1     0000e938  _MXINTB_ISR                     
1     00005000  _McbspaRegs                     
1     00005040  _McbspbRegs                     
1     0000e780  _NMI_ISR                        
1     0000ea50  _PIE_RESERVED                   
1     00380090  _PartIdRegs                     
1     00000ce0  _PieCtrlRegs                    
1     00000d00  _PieVectTable                   
1     0000f378  _PieVectTableInit               
1     0000e76c  _RTOSINT_ISR                    
1     0000e9ba  _SCIRXINTA_ISR                  
1     0000e9ce  _SCIRXINTB_ISR                  
1     0000e9a6  _SCIRXINTC_ISR                  
1     0000e9c4  _SCITXINTA_ISR                  
1     0000e9d8  _SCITXINTB_ISR                  
1     0000e9b0  _SCITXINTC_ISR                  
1     0000edc2  _SCI_INIT                       
1     0000e80c  _SEQ1INT_ISR                    
1     0000e816  _SEQ2INT_ISR                    
1     0000e91a  _SPIRXINTA_ISR                  
1     0000e924  _SPITXINTA_ISR                  
1     00007050  _SciaRegs                       
1     00007750  _ScibRegs                       
1     00007770  _ScicRegs                       
1     0000ecd3  _ServiceDog                     
1     0000f371  _SetDBGIER                      
1     00007040  _SpiaRegs                       
1     00007010  _SysCtrlRegs                    
1     0000e83e  _TINT0_ISR                      
1     0000e7ee  _USER10_ISR                     
1     0000e7f8  _USER11_ISR                     
1     0000e802  _USER12_ISR                     
1     0000e794  _USER1_ISR                      
1     0000e79e  _USER2_ISR                      
1     0000e7a8  _USER3_ISR                      
1     0000e7b2  _USER4_ISR                      
1     0000e7bc  _USER5_ISR                      
1     0000e7c6  _USER6_ISR                      
1     0000e7d0  _USER7_ISR                      
1     0000e7da  _USER8_ISR                      
1     0000e7e4  _USER9_ISR                      
1     0000e848  _WAKEINT_ISR                    
1     0000e820  _XINT1_ISR                      
1     0000e82a  _XINT2_ISR                      
1     0000ea0a  _XINT3_ISR                      
1     0000ea14  _XINT4_ISR                      
1     0000ea1e  _XINT5_ISR                      
1     0000ea28  _XINT6_ISR                      
1     0000ea32  _XINT7_ISR                      
1     00007070  _XIntruptRegs                   
1     00000b20  _XintfRegs                      
0     00200700  __STACK_END                     
abs   00000300  __STACK_SIZE                    
abs   00000400  __SYSMEM_SIZE                   
1     0000c01a  ___TI_cleanup_ptr               
1     0000c01c  ___TI_dtors_ptr                 
1     0000c018  ___TI_enable_exit_profile_output
1     0000ecc8  ___TI_heap_check                
1     0000ecab  ___TI_heap_largest_available    
1     0000ec8e  ___TI_heap_total_available      
abs   ffffffff  ___TI_pprof_out_hndl            
abs   ffffffff  ___TI_prof_data_size            
abs   ffffffff  ___TI_prof_data_start           
abs   ffffffff  ___binit__                      
abs   ffffffff  ___c_args__                     
0     00008000  ___cinit__                      
1     0000f377  ___etext__                      
abs   ffffffff  ___pinit__                      
1     0000d000  ___text__                       
1     0000f2f9  __args_main                     
1     0000c022  __lock                          
1     0000f361  __nop                           
1     0000f35d  __register_lock                 
1     0000f359  __register_unlock               
0     00200400  __stack                         
0     00200000  __sys_memory                    
1     0000f376  __system_post_cinit             
1     0000f374  __system_pre_init               
1     0000c024  __unlock                        
1     0000f20e  _abort                          
1     0000ebf9  _aligned_alloc                  
1     0000f124  _c_int00                        
1     0000ebd2  _calloc                         
1     0000f25f  _copy_in                        
1     0000c026  _dac8563                        
1     0000eea9  _dac8563_init                   
1     0000eef2  _dac8563_new_dev                
1     0000eee3  _dac8563_reset                  
1     0000ee70  _dac8563_write_cmd              
1     0000ee82  _dac8563_write_data             
1     0000f210  _exit                           
1     0000ea8f  _free                           
1     0000f1c8  _main                           
1     0000ea64  _malloc                         
1     0000ebf9  _memalign                       
1     0000f2c1  _memcpy                         
1     0000f34d  _memset                         
1     0000ebce  _minit                          
1     0000eb56  _realloc                        
1     0000ea5a  _rsvd_ISR                       
1     0000f0c7  _sciaRxFifoIsr                  
1     0000ee2e  _scia_fifo_init                 
1     0000edd9  _scia_msg                       
1     0000edcb  _scia_xmit                      
1     0000f0ea  _scibRxFifoIsr                  
1     0000ee44  _scib_fifo_init                 
1     0000edfa  _scib_msg                       
1     0000edec  _scib_xmit                      
1     0000f107  _scicRxFifoIsr                  
1     0000ee5a  _scic_fifo_init                 
1     0000ee1b  _scic_msg                       
1     0000ee0d  _scic_xmit                      
1     0000e6ce  _spi_new_bus                    
1     0000f2a3  _strncpy                        
abs   ffffffff  binit                           
0     00008000  cinit                           
0     00000000  code_start                      
1     0000f377  etext                           
abs   ffffffff  pinit                           


GLOBAL SYMBOLS: SORTED BY Symbol Address 

page  address   name                            
----  -------   ----                            
0     00000000  code_start                      
0     00008000  ___cinit__                      
0     00008000  cinit                           
0     0000801e  _DSP28x_usDelay                 
0     00200000  __sys_memory                    
0     00200400  __stack                         
0     00200700  __STACK_END                     
0     00380080  _ADC_cal                        
1     00000880  _DevEmuRegs                     
1     00000a80  _FlashRegs                      
1     00000ae0  _CsmRegs                        
1     00000b00  _AdcMirror                      
1     00000b20  _XintfRegs                      
1     00000c00  _CpuTimer0Regs                  
1     00000c08  _CpuTimer1Regs                  
1     00000c10  _CpuTimer2Regs                  
1     00000ce0  _PieCtrlRegs                    
1     00000d00  _PieVectTable                   
1     00001000  _DmaRegs                        
1     00005000  _McbspaRegs                     
1     00005040  _McbspbRegs                     
1     00006000  _ECanaRegs                      
1     00006040  _ECanaLAMRegs                   
1     00006080  _ECanaMOTSRegs                  
1     000060c0  _ECanaMOTORegs                  
1     00006100  _ECanaMboxes                    
1     00006200  _ECanbRegs                      
1     00006240  _ECanbLAMRegs                   
1     00006280  _ECanbMOTSRegs                  
1     000062c0  _ECanbMOTORegs                  
1     00006300  _ECanbMboxes                    
1     00006800  _EPwm1Regs                      
1     00006840  _EPwm2Regs                      
1     00006880  _EPwm3Regs                      
1     000068c0  _EPwm4Regs                      
1     00006900  _EPwm5Regs                      
1     00006940  _EPwm6Regs                      
1     00006a00  _ECap1Regs                      
1     00006a20  _ECap2Regs                      
1     00006a40  _ECap3Regs                      
1     00006a60  _ECap4Regs                      
1     00006a80  _ECap5Regs                      
1     00006aa0  _ECap6Regs                      
1     00006b00  _EQep1Regs                      
1     00006b40  _EQep2Regs                      
1     00006f80  _GpioCtrlRegs                   
1     00006fc0  _GpioDataRegs                   
1     00006fe0  _GpioIntRegs                    
1     00007010  _SysCtrlRegs                    
1     00007040  _SpiaRegs                       
1     00007050  _SciaRegs                       
1     00007070  _XIntruptRegs                   
1     00007100  _AdcRegs                        
1     00007750  _ScibRegs                       
1     00007770  _ScicRegs                       
1     00007900  _I2caRegs                       
1     0000c000  _CpuTimer0                      
1     0000c008  _CpuTimer1                      
1     0000c010  _CpuTimer2                      
1     0000c018  ___TI_enable_exit_profile_output
1     0000c01a  ___TI_cleanup_ptr               
1     0000c01c  ___TI_dtors_ptr                 
1     0000c022  __lock                          
1     0000c024  __unlock                        
1     0000c026  _dac8563                        
1     0000d000  .text                           
1     0000d000  ___text__                       
1     0000e6ce  _spi_new_bus                    
1     0000e74e  _INT13_ISR                      
1     0000e758  _INT14_ISR                      
1     0000e762  _DATALOG_ISR                    
1     0000e76c  _RTOSINT_ISR                    
1     0000e776  _EMUINT_ISR                     
1     0000e780  _NMI_ISR                        
1     0000e78a  _ILLEGAL_ISR                    
1     0000e794  _USER1_ISR                      
1     0000e79e  _USER2_ISR                      
1     0000e7a8  _USER3_ISR                      
1     0000e7b2  _USER4_ISR                      
1     0000e7bc  _USER5_ISR                      
1     0000e7c6  _USER6_ISR                      
1     0000e7d0  _USER7_ISR                      
1     0000e7da  _USER8_ISR                      
1     0000e7e4  _USER9_ISR                      
1     0000e7ee  _USER10_ISR                     
1     0000e7f8  _USER11_ISR                     
1     0000e802  _USER12_ISR                     
1     0000e80c  _SEQ1INT_ISR                    
1     0000e816  _SEQ2INT_ISR                    
1     0000e820  _XINT1_ISR                      
1     0000e82a  _XINT2_ISR                      
1     0000e834  _ADCINT_ISR                     
1     0000e83e  _TINT0_ISR                      
1     0000e848  _WAKEINT_ISR                    
1     0000e852  _EPWM1_TZINT_ISR                
1     0000e85c  _EPWM2_TZINT_ISR                
1     0000e866  _EPWM3_TZINT_ISR                
1     0000e870  _EPWM4_TZINT_ISR                
1     0000e87a  _EPWM5_TZINT_ISR                
1     0000e884  _EPWM6_TZINT_ISR                
1     0000e88e  _EPWM1_INT_ISR                  
1     0000e898  _EPWM2_INT_ISR                  
1     0000e8a2  _EPWM3_INT_ISR                  
1     0000e8ac  _EPWM4_INT_ISR                  
1     0000e8b6  _EPWM5_INT_ISR                  
1     0000e8c0  _EPWM6_INT_ISR                  
1     0000e8ca  _ECAP1_INT_ISR                  
1     0000e8d4  _ECAP2_INT_ISR                  
1     0000e8de  _ECAP3_INT_ISR                  
1     0000e8e8  _ECAP4_INT_ISR                  
1     0000e8f2  _ECAP5_INT_ISR                  
1     0000e8fc  _ECAP6_INT_ISR                  
1     0000e906  _EQEP1_INT_ISR                  
1     0000e910  _EQEP2_INT_ISR                  
1     0000e91a  _SPIRXINTA_ISR                  
1     0000e924  _SPITXINTA_ISR                  
1     0000e92e  _MRINTB_ISR                     
1     0000e938  _MXINTB_ISR                     
1     0000e942  _MRINTA_ISR                     
1     0000e94c  _MXINTA_ISR                     
1     0000e956  _DINTCH1_ISR                    
1     0000e960  _DINTCH2_ISR                    
1     0000e96a  _DINTCH3_ISR                    
1     0000e974  _DINTCH4_ISR                    
1     0000e97e  _DINTCH5_ISR                    
1     0000e988  _DINTCH6_ISR                    
1     0000e992  _I2CINT1A_ISR                   
1     0000e99c  _I2CINT2A_ISR                   
1     0000e9a6  _SCIRXINTC_ISR                  
1     0000e9b0  _SCITXINTC_ISR                  
1     0000e9ba  _SCIRXINTA_ISR                  
1     0000e9c4  _SCITXINTA_ISR                  
1     0000e9ce  _SCIRXINTB_ISR                  
1     0000e9d8  _SCITXINTB_ISR                  
1     0000e9e2  _ECAN0INTA_ISR                  
1     0000e9ec  _ECAN1INTA_ISR                  
1     0000e9f6  _ECAN0INTB_ISR                  
1     0000ea00  _ECAN1INTB_ISR                  
1     0000ea0a  _XINT3_ISR                      
1     0000ea14  _XINT4_ISR                      
1     0000ea1e  _XINT5_ISR                      
1     0000ea28  _XINT6_ISR                      
1     0000ea32  _XINT7_ISR                      
1     0000ea3c  _LVF_ISR                        
1     0000ea46  _LUF_ISR                        
1     0000ea50  _PIE_RESERVED                   
1     0000ea5a  _rsvd_ISR                       
1     0000ea64  _malloc                         
1     0000ea8f  _free                           
1     0000eb56  _realloc                        
1     0000ebce  _minit                          
1     0000ebd2  _calloc                         
1     0000ebf9  _aligned_alloc                  
1     0000ebf9  _memalign                       
1     0000ec8e  ___TI_heap_total_available      
1     0000ecab  ___TI_heap_largest_available    
1     0000ecc8  ___TI_heap_check                
1     0000ecca  _InitSysCtrl                    
1     0000ecd3  _ServiceDog                     
1     0000ecdd  _DisableDog                     
1     0000ece5  _InitPll                        
1     0000ed36  _InitPeripheralClocks           
1     0000ed91  _CsmUnlock                      
1     0000edc2  _SCI_INIT                       
1     0000edcb  _scia_xmit                      
1     0000edd9  _scia_msg                       
1     0000edec  _scib_xmit                      
1     0000edfa  _scib_msg                       
1     0000ee0d  _scic_xmit                      
1     0000ee1b  _scic_msg                       
1     0000ee2e  _scia_fifo_init                 
1     0000ee44  _scib_fifo_init                 
1     0000ee5a  _scic_fifo_init                 
1     0000ee70  _dac8563_write_cmd              
1     0000ee82  _dac8563_write_data             
1     0000eea9  _dac8563_init                   
1     0000eee3  _dac8563_reset                  
1     0000eef2  _dac8563_new_dev                
1     0000ef1d  FD$$ADD                         
1     0000efb9  FD$$DIV                         
1     0000f044  FD$$MPY                         
1     0000f0c7  _sciaRxFifoIsr                  
1     0000f0ea  _scibRxFifoIsr                  
1     0000f107  _scicRxFifoIsr                  
1     0000f124  _c_int00                        
1     0000f17a  _InitSci                        
1     0000f17d  _InitSciGpio                    
1     0000f184  _InitSciaGpio                   
1     0000f19c  _InitScibGpio                   
1     0000f1b2  _InitScicGpio                   
1     0000f1c8  _main                           
1     0000f20e  C$$EXIT                         
1     0000f20e  _abort                          
1     0000f210  _exit                           
1     0000f237  _InitPieCtrl                    
1     0000f256  _EnableInterrupts               
1     0000f25f  _copy_in                        
1     0000f283  _InitPieVectTable               
1     0000f2a3  _strncpy                        
1     0000f2c1  _memcpy                         
1     0000f2de  FD$$TOUL                        
1     0000f2f9  __args_main                     
1     0000f312  _InitGpio                       
1     0000f329  UL$$TOFD                        
1     0000f33f  FD$$SUB                         
1     0000f34d  _memset                         
1     0000f359  __register_unlock               
1     0000f35d  __register_lock                 
1     0000f361  __nop                           
1     0000f36a  _DSP28x_DisableInt              
1     0000f36e  _DSP28x_RestoreInt              
1     0000f371  _SetDBGIER                      
1     0000f374  __system_pre_init               
1     0000f376  __system_post_cinit             
1     0000f377  ___etext__                      
1     0000f377  etext                           
1     0000f378  _PieVectTableInit               
1     0033fff8  _CsmPwl                         
1     00380090  _PartIdRegs                     
abs   00000300  __STACK_SIZE                    
abs   00000400  __SYSMEM_SIZE                   
abs   ffffffff  ___TI_pprof_out_hndl            
abs   ffffffff  ___TI_prof_data_size            
abs   ffffffff  ___TI_prof_data_start           
abs   ffffffff  ___binit__                      
abs   ffffffff  ___c_args__                     
abs   ffffffff  ___pinit__                      
abs   ffffffff  binit                           
abs   ffffffff  pinit                           

[229 symbols]
